// Jest Snapshot v1, https://goo.gl/fbAQLP

exports[`snapshot testing snapshot 1`] = `
<View
  style={
    Object {
      "paddingHorizontal": 16,
    }
  }
>
  <Image
    source={
      Object {
        "testUri": "../../../components/assets/alarma.png",
      }
    }
    style={
      Object {
        "height": 28,
        "width": 28,
      }
    }
  />
</View>
`;
